// Jest Snapshot v1, https://goo.gl/fbAQLP

exports[`TodoEdit Snapshots should render snapshot with no text 1`] = `
<div>
  <TodoInput
    autoFocus={true}
    data-testid="todo-input"
    defaultValue=""
    onEnter={[MockFunction]}
  />
</div>
`;

exports[`TodoEdit Snapshots should render snapshot with some text 1`] = `
<div>
  <input
    class="Todo__input"
    placeholder="What need to be done?"
    value="shopping"
  />
</div>
`;
